Category: 央视频道, Name: CCTV-1, Total: 61, Valid: 39, Valid Percent: 63.93%, IPv4: 61, IPv6: 0, Min Delay: 286 ms, Max Speed: 2.54 M/s, Avg Speed: 0.48 M/s, Max Resolution: 1920x1080
Category: 央视频道, Name: CCTV-2, Total: 48, Valid: 32, Valid Percent: 66.67%, IPv4: 48, IPv6: 0, Min Delay: 312 ms, Max Speed: 2.82 M/s, Avg Speed: 0.44 M/s, Max Resolution: 1920x1080
Category: 央视频道, Name: CCTV-3, Total: 59, Valid: 40, Valid Percent: 67.80%, IPv4: 59, IPv6: 0, Min Delay: 309 ms, Max Speed: 2.42 M/s, Avg Speed: 0.33 M/s, Max Resolution: 1920x1080
Category: 央视频道, Name: CCTV-4, Total: 52, Valid: 36, Valid Percent: 69.23%, IPv4: 52, IPv6: 0, Min Delay: 407 ms, Max Speed: 1.75 M/s, Avg Speed: 0.30 M/s, Max Resolution: 1920x1080
Category: 央视频道, Name: CCTV-5, Total: 62, Valid: 44, Valid Percent: 70.97%, IPv4: 62, IPv6: 0, Min Delay: 309 ms, Max Speed: 2.48 M/s, Avg Speed: 0.45 M/s, Max Resolution: 1920x1080
Category: 央视频道, Name: CCTV-5+, Total: 45, Valid: 35, Valid Percent: 77.78%, IPv4: 45, IPv6: 0, Min Delay: 310 ms, Max Speed: 3.87 M/s, Avg Speed: 0.63 M/s, Max Resolution: 1920x1080
Category: 央视频道, Name: CCTV-6, Total: 63, Valid: 46, Valid Percent: 73.02%, IPv4: 63, IPv6: 0, Min Delay: 349 ms, Max Speed: 3.85 M/s, Avg Speed: 0.66 M/s, Max Resolution: 1920x1080
Category: 央视频道, Name: CCTV-7, Total: 50, Valid: 31, Valid Percent: 62.00%, IPv4: 50, IPv6: 0, Min Delay: 299 ms, Max Speed: 2.46 M/s, Avg Speed: 0.60 M/s, Max Resolution: 1920x1080
Category: 央视频道, Name: CCTV-8, Total: 61, Valid: 47, Valid Percent: 77.05%, IPv4: 61, IPv6: 0, Min Delay: 311 ms, Max Speed: 2.47 M/s, Avg Speed: 0.42 M/s, Max Resolution: 1920x1080
Category: 央视频道, Name: CCTV-9, Total: 54, Valid: 37, Valid Percent: 68.52%, IPv4: 54, IPv6: 0, Min Delay: 320 ms, Max Speed: 2.45 M/s, Avg Speed: 0.50 M/s, Max Resolution: 1920x1080
Category: 央视频道, Name: CCTV-10, Total: 56, Valid: 37, Valid Percent: 66.07%, IPv4: 56, IPv6: 0, Min Delay: 324 ms, Max Speed: 2.44 M/s, Avg Speed: 0.47 M/s, Max Resolution: 1920x1080
Category: 央视频道, Name: CCTV-11, Total: 45, Valid: 28, Valid Percent: 62.22%, IPv4: 45, IPv6: 0, Min Delay: 324 ms, Max Speed: 2.43 M/s, Avg Speed: 0.51 M/s, Max Resolution: 1920x1080
Category: 央视频道, Name: CCTV-12, Total: 58, Valid: 39, Valid Percent: 67.24%, IPv4: 58, IPv6: 0, Min Delay: 341 ms, Max Speed: 2.44 M/s, Avg Speed: 0.50 M/s, Max Resolution: 1920x1080
Category: 央视频道, Name: CCTV-13, Total: 52, Valid: 33, Valid Percent: 63.46%, IPv4: 52, IPv6: 0, Min Delay: 429 ms, Max Speed: 1.79 M/s, Avg Speed: 0.35 M/s, Max Resolution: 1920x1080
Category: 央视频道, Name: CCTV-14, Total: 47, Valid: 31, Valid Percent: 65.96%, IPv4: 47, IPv6: 0, Min Delay: 345 ms, Max Speed: 2.48 M/s, Avg Speed: 0.61 M/s, Max Resolution: 1920x1080
Category: 央视频道, Name: CCTV-15, Total: 38, Valid: 29, Valid Percent: 76.32%, IPv4: 38, IPv6: 0, Min Delay: 357 ms, Max Speed: 3.53 M/s, Avg Speed: 0.52 M/s, Max Resolution: 1920x1080
Category: 央视频道, Name: CCTV-16, Total: 22, Valid: 13, Valid Percent: 59.09%, IPv4: 22, IPv6: 0, Min Delay: 313 ms, Max Speed: 9.10 M/s, Avg Speed: 1.16 M/s, Max Resolution: 3840x2160
Category: 央视频道, Name: CETV-4, Total: 1, Valid: 0, Valid Percent: 0.00%, IPv4: 1, IPv6: 0, Min Delay: -1 ms, Max Speed: 0.00 M/s, Avg Speed: 0.00 M/s, Max Resolution: None
Category: 央视频道, Name: CCTV-17, Total: 28, Valid: 20, Valid Percent: 71.43%, IPv4: 28, IPv6: 0, Min Delay: 68 ms, Max Speed: 80.75 M/s, Avg Speed: 8.75 M/s, Max Resolution: 1920x1080
Category: 央视频道, Name: CETV-1, Total: 2, Valid: 0, Valid Percent: 0.00%, IPv4: 2, IPv6: 0, Min Delay: -1 ms, Max Speed: 0.00 M/s, Avg Speed: 0.00 M/s, Max Resolution: None
Category: 央视频道, Name: CETV-2, Total: 3, Valid: 1, Valid Percent: 33.33%, IPv4: 3, IPv6: 0, Min Delay: 10573 ms, Max Speed: 0.01 M/s, Avg Speed: 0.01 M/s, Max Resolution: None
Category: 卫视频道, Name: 安徽卫视, Total: 42, Valid: 26, Valid Percent: 61.90%, IPv4: 42, IPv6: 0, Min Delay: 1053 ms, Max Speed: 1.49 M/s, Avg Speed: 0.19 M/s, Max Resolution: 1920x1080
Category: 卫视频道, Name: 北京卫视, Total: 45, Valid: 30, Valid Percent: 66.67%, IPv4: 45, IPv6: 0, Min Delay: 17 ms, Max Speed: 5.27 M/s, Avg Speed: 0.59 M/s, Max Resolution: 1920x1080
Category: 卫视频道, Name: 兵团卫视, Total: 19, Valid: 11, Valid Percent: 57.89%, IPv4: 19, IPv6: 0, Min Delay: 2221 ms, Max Speed: 1.18 M/s, Avg Speed: 0.34 M/s, Max Resolution: 1920x1080
Category: 卫视频道, Name: 重庆卫视, Total: 32, Valid: 20, Valid Percent: 62.50%, IPv4: 32, IPv6: 0, Min Delay: 399 ms, Max Speed: 1.41 M/s, Avg Speed: 0.33 M/s, Max Resolution: 1920x1080
Category: 卫视频道, Name: 东方卫视, Total: 40, Valid: 26, Valid Percent: 65.00%, IPv4: 40, IPv6: 0, Min Delay: 430 ms, Max Speed: 1.50 M/s, Avg Speed: 0.33 M/s, Max Resolution: 1920x1080
Category: 卫视频道, Name: 东南卫视, Total: 31, Valid: 21, Valid Percent: 67.74%, IPv4: 31, IPv6: 0, Min Delay: 405 ms, Max Speed: 1.32 M/s, Avg Speed: 0.21 M/s, Max Resolution: 1920x1080
Category: 卫视频道, Name: 甘肃卫视, Total: 17, Valid: 11, Valid Percent: 64.71%, IPv4: 17, IPv6: 0, Min Delay: 900 ms, Max Speed: 5.20 M/s, Avg Speed: 0.57 M/s, Max Resolution: 1920x1080
Category: 卫视频道, Name: 广东卫视, Total: 45, Valid: 29, Valid Percent: 64.44%, IPv4: 45, IPv6: 0, Min Delay: 384 ms, Max Speed: 5.76 M/s, Avg Speed: 0.50 M/s, Max Resolution: 1920x1080
Category: 卫视频道, Name: 广西卫视, Total: 30, Valid: 20, Valid Percent: 66.67%, IPv4: 30, IPv6: 0, Min Delay: 849 ms, Max Speed: 4.97 M/s, Avg Speed: 0.53 M/s, Max Resolution: 1920x1080
Category: 卫视频道, Name: 贵州卫视, Total: 31, Valid: 20, Valid Percent: 64.52%, IPv4: 31, IPv6: 0, Min Delay: 392 ms, Max Speed: 1.03 M/s, Avg Speed: 0.25 M/s, Max Resolution: 1920x1080
Category: 卫视频道, Name: 海南卫视, Total: 13, Valid: 5, Valid Percent: 38.46%, IPv4: 13, IPv6: 0, Min Delay: 10285 ms, Max Speed: 0.21 M/s, Avg Speed: 0.07 M/s, Max Resolution: 1920x1080
Category: 卫视频道, Name: 河北卫视, Total: 34, Valid: 21, Valid Percent: 61.76%, IPv4: 34, IPv6: 0, Min Delay: 460 ms, Max Speed: 1.24 M/s, Avg Speed: 0.22 M/s, Max Resolution: 1920x1080
Category: 卫视频道, Name: 河南卫视, Total: 32, Valid: 20, Valid Percent: 62.50%, IPv4: 32, IPv6: 0, Min Delay: 35 ms, Max Speed: 14.44 M/s, Avg Speed: 1.03 M/s, Max Resolution: 3840x2160
Category: 卫视频道, Name: 黑龙江卫视, Total: 36, Valid: 21, Valid Percent: 58.33%, IPv4: 36, IPv6: 0, Min Delay: 4900 ms, Max Speed: 1.11 M/s, Avg Speed: 0.25 M/s, Max Resolution: 1920x1080
Category: 卫视频道, Name: 湖北卫视, Total: 44, Valid: 28, Valid Percent: 63.64%, IPv4: 44, IPv6: 0, Min Delay: 403 ms, Max Speed: 1.33 M/s, Avg Speed: 0.21 M/s, Max Resolution: 1920x1080
Category: 卫视频道, Name: 湖南卫视, Total: 47, Valid: 33, Valid Percent: 70.21%, IPv4: 47, IPv6: 0, Min Delay: 428 ms, Max Speed: 3.24 M/s, Avg Speed: 0.29 M/s, Max Resolution: 3840x2160
Category: 卫视频道, Name: 吉林卫视, Total: 28, Valid: 17, Valid Percent: 60.71%, IPv4: 28, IPv6: 0, Min Delay: 1987 ms, Max Speed: 1.32 M/s, Avg Speed: 0.19 M/s, Max Resolution: 1920x1080
Category: 卫视频道, Name: 江苏卫视, Total: 43, Valid: 29, Valid Percent: 67.44%, IPv4: 43, IPv6: 0, Min Delay: 430 ms, Max Speed: 0.69 M/s, Avg Speed: 0.17 M/s, Max Resolution: 1920x1080
Category: 卫视频道, Name: 江西卫视, Total: 37, Valid: 23, Valid Percent: 62.16%, IPv4: 37, IPv6: 0, Min Delay: 73 ms, Max Speed: 74.44 M/s, Avg Speed: 3.44 M/s, Max Resolution: 1920x1080
Category: 卫视频道, Name: 辽宁卫视, Total: 37, Valid: 21, Valid Percent: 56.76%, IPv4: 37, IPv6: 0, Min Delay: 446 ms, Max Speed: 0.77 M/s, Avg Speed: 0.19 M/s, Max Resolution: 1920x1080
Category: 卫视频道, Name: 内蒙古卫视, Total: 19, Valid: 14, Valid Percent: 73.68%, IPv4: 19, IPv6: 0, Min Delay: 63 ms, Max Speed: 88.90 M/s, Avg Speed: 11.56 M/s, Max Resolution: 1920x1080
Category: 卫视频道, Name: 宁夏卫视, Total: 23, Valid: 14, Valid Percent: 60.87%, IPv4: 23, IPv6: 0, Min Delay: 57 ms, Max Speed: 101.03 M/s, Avg Speed: 19.70 M/s, Max Resolution: 1920x1080
Category: 卫视频道, Name: 三沙卫视, Total: 5, Valid: 2, Valid Percent: 40.00%, IPv4: 5, IPv6: 0, Min Delay: 9613 ms, Max Speed: 0.94 M/s, Avg Speed: 0.53 M/s, Max Resolution: 1920x1080
Category: 卫视频道, Name: 青海卫视, Total: 17, Valid: 10, Valid Percent: 58.82%, IPv4: 17, IPv6: 0, Min Delay: 2402 ms, Max Speed: 1.69 M/s, Avg Speed: 0.42 M/s, Max Resolution: 1920x1080
Category: 卫视频道, Name: 山东卫视, Total: 40, Valid: 26, Valid Percent: 65.00%, IPv4: 40, IPv6: 0, Min Delay: 405 ms, Max Speed: 0.84 M/s, Avg Speed: 0.20 M/s, Max Resolution: 1920x1080
Category: 卫视频道, Name: 山西卫视, Total: 8, Valid: 3, Valid Percent: 37.50%, IPv4: 8, IPv6: 0, Min Delay: 58 ms, Max Speed: 94.91 M/s, Avg Speed: 59.82 M/s, Max Resolution: 1920x1080
Category: 卫视频道, Name: 陕西卫视, Total: 6, Valid: 2, Valid Percent: 33.33%, IPv4: 6, IPv6: 0, Min Delay: 43 ms, Max Speed: 127.87 M/s, Avg Speed: 63.94 M/s, Max Resolution: 1920x1080
Category: 卫视频道, Name: 深圳卫视, Total: 41, Valid: 26, Valid Percent: 63.41%, IPv4: 41, IPv6: 0, Min Delay: 1624 ms, Max Speed: 1.68 M/s, Avg Speed: 0.21 M/s, Max Resolution: 1920x1080
Category: 卫视频道, Name: 四川卫视, Total: 46, Valid: 27, Valid Percent: 58.70%, IPv4: 46, IPv6: 0, Min Delay: 18 ms, Max Speed: 92.21 M/s, Avg Speed: 6.35 M/s, Max Resolution: 1920x1080
Category: 卫视频道, Name: 天津卫视, Total: 37, Valid: 25, Valid Percent: 67.57%, IPv4: 37, IPv6: 0, Min Delay: 403 ms, Max Speed: 1.39 M/s, Avg Speed: 0.28 M/s, Max Resolution: 1920x1080
Category: 卫视频道, Name: 西藏卫视, Total: 15, Valid: 10, Valid Percent: 66.67%, IPv4: 15, IPv6: 0, Min Delay: 69 ms, Max Speed: 81.32 M/s, Avg Speed: 8.60 M/s, Max Resolution: 1920x1080
Category: 卫视频道, Name: 新疆卫视, Total: 20, Valid: 13, Valid Percent: 65.00%, IPv4: 20, IPv6: 0, Min Delay: 47 ms, Max Speed: 112.80 M/s, Avg Speed: 9.16 M/s, Max Resolution: 1920x1080
Category: 卫视频道, Name: 云南卫视, Total: 21, Valid: 13, Valid Percent: 61.90%, IPv4: 21, IPv6: 0, Min Delay: 1617 ms, Max Speed: 0.78 M/s, Avg Speed: 0.26 M/s, Max Resolution: 1920x1080
Category: 卫视频道, Name: 浙江卫视, Total: 47, Valid: 34, Valid Percent: 72.34%, IPv4: 47, IPv6: 0, Min Delay: 443 ms, Max Speed: 1.50 M/s, Avg Speed: 0.44 M/s, Max Resolution: 1920x1080
Category: 卫视频道, Name: 安多卫视, Total: 4, Valid: 1, Valid Percent: 25.00%, IPv4: 4, IPv6: 0, Min Delay: 10380 ms, Max Speed: 0.28 M/s, Avg Speed: 0.28 M/s, Max Resolution: 720x576
Category: 卫视频道, Name: 康巴卫视, Total: 3, Valid: 1, Valid Percent: 33.33%, IPv4: 3, IPv6: 0, Min Delay: 1732 ms, Max Speed: 0.04 M/s, Avg Speed: 0.04 M/s, Max Resolution: None
Category: 卫视频道, Name: 延边卫视, Total: 3, Valid: 0, Valid Percent: 0.00%, IPv4: 3, IPv6: 0, Min Delay: -1 ms, Max Speed: 0.00 M/s, Avg Speed: 0.00 M/s, Max Resolution: None
